A
B A
C B
LongCommit01234Name C
D LongCommit01234Name
E D
F E
