A
B A
C A
D A
E B
F B
G C
H D
I E
J E
K F
L F
M G
N H
O H
