A1
A2 A1
A3 A2
B1 A2
BB1 A3 B1
B2 B1
BB2 BB1 B2
B3 B2
BB3 BB2 B3
