A1
A2 A1
B1 A2
A3 A2
B2 B1
BB12 A3 B1 B2
B3 B2
BB23 BB12 B2 B3
B4 B3
BB34 BB23 B3 B4
BB4 BB34 B4
[master] BB4
