A
B A
C B
[master] C
[feature] C
[dev] C
[release] C
